[2026-07-17 00:50:01] Iniciando modo direto: tarefa_id=tarefa_1784260066.644852, machine=desenvolvedor
[2026-07-17 00:50:01] Config resolvido: H:\Meu Drive\Sistema Captura WPP\agendamentos_config_desenvolvedor.json
[2026-07-17 00:50:02] Histórico resolvido: H:\Meu Drive\Sistema Captura WPP\agendamentos_historico_desenvolvedor.json
[2026-07-17 00:50:02] Executando task tarefa_1784260066.644852: email=gomessandriely003@gmail.com, acao=atualizar_pagos_reembolsar
[2026-07-17 00:51:40] Task tarefa_1784260066.644852 finalizada com SUCESSO
[2026-07-17 00:51:40] Histórico atualizado em H:\Meu Drive\Sistema Captura WPP\agendamentos_historico_desenvolvedor.json: tarefa=tarefa_1784260066.644852, status=SUCESSO
[2026-07-17 00:52:02] Iniciando modo direto: tarefa_id=tarefa_1784260066.644852, machine=desenvolvedor
[2026-07-17 00:52:02] Config resolvido: H:\Meu Drive\Sistema Captura WPP\agendamentos_config_desenvolvedor.json
[2026-07-17 00:52:02] Histórico resolvido: H:\Meu Drive\Sistema Captura WPP\agendamentos_historico_desenvolvedor.json
[2026-07-17 00:52:02] Executando task tarefa_1784260066.644852: email=gomessandriely003@gmail.com, acao=atualizar_pagos_reembolsar
[2026-07-17 00:54:02] Iniciando modo direto: tarefa_id=tarefa_1784260066.644852, machine=desenvolvedor
[2026-07-17 00:54:02] Config resolvido: H:\Meu Drive\Sistema Captura WPP\agendamentos_config_desenvolvedor.json
[2026-07-17 00:54:02] Histórico resolvido: H:\Meu Drive\Sistema Captura WPP\agendamentos_historico_desenvolvedor.json
[2026-07-17 00:54:02] Executando task tarefa_1784260066.644852: email=gomessandriely003@gmail.com, acao=atualizar_pagos_reembolsar
[2026-07-17 00:56:02] Iniciando modo direto: tarefa_id=tarefa_1784260066.644852, machine=desenvolvedor
[2026-07-17 00:56:02] Config resolvido: H:\Meu Drive\Sistema Captura WPP\agendamentos_config_desenvolvedor.json
[2026-07-17 00:56:02] Histórico resolvido: H:\Meu Drive\Sistema Captura WPP\agendamentos_historico_desenvolvedor.json
[2026-07-17 00:56:02] Executando task tarefa_1784260066.644852: email=gomessandriely003@gmail.com, acao=atualizar_pagos_reembolsar
[2026-07-17 00:57:49] Task tarefa_1784260066.644852 finalizada com SUCESSO
[2026-07-17 00:57:49] Histórico atualizado em H:\Meu Drive\Sistema Captura WPP\agendamentos_historico_desenvolvedor.json: tarefa=tarefa_1784260066.644852, status=SUCESSO
[2026-07-17 00:58:02] Iniciando modo direto: tarefa_id=tarefa_1784260066.644852, machine=desenvolvedor
[2026-07-17 00:58:02] Config resolvido: H:\Meu Drive\Sistema Captura WPP\agendamentos_config_desenvolvedor.json
[2026-07-17 01:03:02] Iniciando modo direto: tarefa_id=tarefa_1784260872.348933, machine=desenvolvedor
[2026-07-17 01:03:02] Config resolvido: H:\Meu Drive\Sistema Captura WPP\agendamentos_config_desenvolvedor.json
[2026-07-17 01:03:02] Histórico resolvido: H:\Meu Drive\Sistema Captura WPP\agendamentos_historico_desenvolvedor.json
[2026-07-17 01:03:02] Executando task tarefa_1784260872.348933: email=gomessandriely003@gmail.com, acao=atualizar_pagos_reembolsar
[2026-07-17 09:19:03] Iniciando modo direto: tarefa_id=tarefa_1784260872.348933, machine=desenvolvedor
[2026-07-17 09:19:03] Config resolvido: H:\Meu Drive\Sistema Captura WPP\agendamentos_config_desenvolvedor.json
[2026-07-17 09:19:03] Histórico resolvido: H:\Meu Drive\Sistema Captura WPP\agendamentos_historico_desenvolvedor.json
[2026-07-17 09:19:03] Executando task tarefa_1784260872.348933: email=gomessandriely003@gmail.com, acao=atualizar_pagos_reembolsar
