[2026-07-04 14:30:02] Iniciando modo direto: tarefa_id=tarefa_1783052022.775512, machine=cliente
[2026-07-04 14:30:02] Config resolvido: H:\Meu Drive\Sistema Captura WPP\agendamentos_config_cliente.json
[2026-07-04 14:30:03] Histórico resolvido: H:\Meu Drive\Sistema Captura WPP\agendamentos_historico_cliente.json
[2026-07-04 14:30:03] Executando task tarefa_1783052022.775512: email=ggu070713@gmail.com, acao=vendas_encerradas
[2026-07-04 14:30:03] Config resolvido: H:\Meu Drive\Sistema Captura WPP\agendamentos_config_cliente.json
[2026-07-04 14:30:04] Iniciando modo direto: tarefa_id=tarefa_1783051812.448495, machine=cliente
[2026-07-04 14:30:04] Config resolvido: H:\Meu Drive\Sistema Captura WPP\agendamentos_config_cliente.json
[2026-07-04 14:30:04] Iniciando modo direto: tarefa_id=tarefa_1783052062.158239, machine=cliente
[2026-07-04 14:30:04] Config resolvido: H:\Meu Drive\Sistema Captura WPP\agendamentos_config_cliente.json
[2026-07-04 14:30:04] Iniciando modo direto: tarefa_id=tarefa_1783052097.112611, machine=cliente
[2026-07-04 14:30:04] Config resolvido: H:\Meu Drive\Sistema Captura WPP\agendamentos_config_cliente.json
[2026-07-04 14:30:04] Histórico resolvido: H:\Meu Drive\Sistema Captura WPP\agendamentos_historico_cliente.json
[2026-07-04 14:30:04] Executando task tarefa_1783051898.083372: email=djanpaulorabellohasckel@gmail.com, acao=vendas_encerradas
[2026-07-04 14:30:05] Histórico resolvido: H:\Meu Drive\Sistema Captura WPP\agendamentos_historico_cliente.json
[2026-07-04 14:30:05] Executando task tarefa_1783052062.158239: email=gomessandriely003@gmail.com, acao=vendas_encerradas
cerradas
[2026-07-04 18:00:04] Iniciando modo direto: tarefa_id=tarefa_1783141048.085155, machine=cliente
[2026-07-04 18:00:04] Config resolvido: H:\Meu Drive\Sistema Captura WPP\agendamentos_config_cliente.json
[2026-07-04 18:00:05] Histórico resolvido: H:\Meu Drive\Sistema Captura WPP\agendamentos_historico_cliente.json
[2026-07-04 18:00:05] Executando task tarefa_1783140945.090657: email=mariaalicelimadeandrade2003@gmail.com, acao=agradecimento
