[2026-07-07 14:30:03] Iniciando modo direto: tarefa_id=tarefa_1783051812.448495, machine=cliente
[2026-07-07 14:30:03] Config resolvido: H:\Meu Drive\Sistema Captura WPP\agendamentos_config_cliente.json
[2026-07-07 14:30:03] Config resolvido: H:\Meu Drive\Sistema Captura WPP\agendamentos_config_cliente.json
[2026-07-07 14:30:04] Histórico resolvido: H:\Meu Drive\Sistema Captura WPP\agendamentos_historico_cliente.json
[2026-07-07 14:30:04] Executando task tarefa_1783051898.083372: email=djanpaulorabellohasckel@gmail.com, acao=vendas_encerradas
as
[2026-07-07 14:30:04] Iniciando modo direto: tarefa_id=tarefa_1783052062.158239, machine=cliente
[2026-07-07 14:30:04] Config resolvido: H:\Meu Drive\Sistema Captura WPP\agendamentos_config_cliente.json
[2026-07-07 14:30:04] Iniciando modo direto: tarefa_id=tarefa_1783052097.112611, machine=cliente
[2026-07-07 14:30:04] Config resolvido: H:\Meu Drive\Sistema Captura WPP\agendamentos_config_cliente.json
[2026-07-07 14:30:05] Histórico resolvido: H:\Meu Drive\Sistema Captura WPP\agendamentos_historico_cliente.json
[2026-07-07 14:30:05] Executando task tarefa_1783052062.158239: email=gomessandriely003@gmail.com, acao=vendas_encerradas

[2026-07-07 14:30:21] Task tarefa_1783051898.083372 finalizada com SUCESSO
[2026-07-07 14:30:21] Histórico atualizado em H:\Meu Drive\Sistema Captura WPP\agendamentos_historico_cliente.json: tarefa=tarefa_1783051898.083372, status=SUCESSO
[2026-07-07 14:30:46] Task tarefa_1783052022.775512 finalizada com SUCESSO
[2026-07-07 14:30:47] Histórico atualizado em H:\Meu Drive\Sistema Captura WPP\agendamentos_historico_cliente.json: tarefa=tarefa_1783052022.775512, status=SUCESSO
[2026-07-07 14:30:52] Task tarefa_1783051812.448495 finalizada com SUCESSO
[2026-07-07 14:30:52] Histórico atualizado em H:\Meu Drive\Sistema Captura WPP\agendamentos_historico_cliente.json: tarefa=tarefa_1783051812.448495, status=SUCESSO
[2026-07-07 14:31:41] Task tarefa_1783052097.112611 finalizada com SUCESSO
[2026-07-07 14:31:41] Histórico atualizado em H:\Meu Drive\Sistema Captura WPP\agendamentos_historico_cliente.json: tarefa=tarefa_1783052097.112611, status=SUCESSO
[2026-07-07 14:32:40] Task tarefa_1783052062.158239 finalizada com SUCESSO
[2026-07-07 14:32:41] Histórico atualizado em H:\Meu Drive\Sistema Captura WPP\agendamentos_historico_cliente.json: tarefa=tarefa_1783052062.158239, status=SUCESSO
[2026-07-07 16:00:02] Iniciando modo direto: tarefa_id=tarefa_1783050947.944213, machine=cliente
[2026-07-07 16:00:02] Config resolvido: H:\Meu Drive\Sistema Captura WPP\agendamentos_config_cliente.json
[2026-07-07 16:00:03] Histórico resolvido: H:\Meu Drive\Sistema Captura WPP\agendamentos_historico_cliente.json
[2026-07-07 16:00:03] Executando task tarefa_1783051511.075051: email=danielegleyce21.03@gmail.com, acao=solicitar
[2026-07-07 16:00:05] Task tarefa_1783050947.944213 finalizada com SUCESSO
[2026-07-07 16:00:05] Histórico atualizado em H:\Meu Drive\Sistema Captura WPP\agendamentos_historico_cliente.json: tarefa=tarefa_1783050947.944213, status=SUCESSO
[2026-07-07 16:00:05] Task tarefa_1783051511.075051 finalizada com SUCESSO
[2026-07-07 16:00:05] Histórico atualizado em H:\Meu Drive\Sistema Captura WPP\agendamentos_historico_cliente.json: tarefa=tarefa_1783051511.075051, status=SUCESSO
[2026-07-07 18:00:01] Iniciando modo direto: tarefa_id=tarefa_1783141048.085155, machine=cliente
[2026-07-07 18:00:01] Config resolvido: H:\Meu Drive\Sistema Captura WPP\agendamentos_config_cliente.json
[2026-07-07 18:00:02] Iniciando modo direto: tarefa_id=tarefa_1783140945.090657, machine=cliente
[2026-07-07 18:00:02] Config resolvido: H:\Meu Drive\Sistema Captura WPP\agendamentos_config_cliente.json
[2026-07-07 18:00:03] Histórico resolvido: H:\Meu Drive\Sistema Captura WPP\agendamentos_historico_cliente.json
[2026-07-07 18:00:03] Executando task tarefa_1783141048.085155: email=djanpaulorabellohasckel@gmail.com, acao=agradecimento
to
[2026-07-07 18:00:15] Task tarefa_1783141048.085155 finalizada com SUCESSO
[2026-07-07 18:00:15] Histórico atualizado em H:\Meu Drive\Sistema Captura WPP\agendamentos_historico_cliente.json: tarefa=tarefa_1783141048.085155, status=SUCESSO
[2026-07-07 18:00:32] Task tarefa_1783140945.090657 finalizada com SUCESSO
[2026-07-07 18:00:32] Histórico atualizado em H:\Meu Drive\Sistema Captura WPP\agendamentos_historico_cliente.json: tarefa=tarefa_1783140945.090657, status=SUCESSO
